doe-equations-figure · tesseract@5.5.3+leptonica@1.87.0+eng@7d4322bd2a77+tessocr@21fb73cc6b80 · rendered at 300 DPI (native 300)
table: false · rotated: false · grid intersections: 0 · length: 3400
---
EXAMPLE CALCULATION

Suppose 3 200 ft2 workshop is enclosed by your
walls (]80 ft¢), a ceiling (200 ft2) and a fioor

(200 ft*). of which 1/2 is covered by furniture or
carpet. The wall 1s 6-in. concrete and the ceiling is
2-in. wood, each with insulation outside. The floor
1s 1l-in. hardwood laid on a 4-in. concrete slab laid
on earth. The room has 30 ft? of direct gain win-
dows facing south. Calculate the clear-day winter
tempe, ature swing.

Run the DHC program in order to determine DHC as
Needed to calculate Eq. (5) for aT(swing). The com-
puter printout is shown below, The first step is to
select Menu 2 three times in succe sion in order to
calculate the dhc of each surface type. The layers
are describid working from the outside {nward. The
dhc values shown on each line refer to the diic deter-
mined at the inner surface of each successive layer so
that the final answer on the last line is the cumula-
tive dnc. The last line (airgap) refers to the inside
film coefficient (h = 1.5 Btu/'F ft2 h) and is
therefore the convective dhc. The line above this
gives the radiative dhc. Lag refers to the phase,
which is given ir hours. For example, the radiative
dhc for the floor (surface type 3) is 3.6 Btu/'F fte
with a phase lay of 1.5 hours (22.5°). Note that the
earth was represented by adobe pruperties, The choice
of a 24-in. thickness was chosen to represent an es-
sentially infinite thickness for diurnal effects. The
total heat capacity (HC) and total mass are also
listed.

ROO TOTAL SRR OED
SUPPALE TvPe l
MHIEF LAL TMhored flere. Cy 4
WORE TO. 14 Cares 14: eel 1. cys
ALRGHF yu “ my yey Va kn
TOTAL BO
SUPFRILE TYREE «
MATEFTAL Thich Dene, ye i
OF TRUE a (fl ae Pee 2?
HIF GAR m0 OO, gn a aes
TOTAL Pan
SUPFALE TYRE 5
WATER DSL Thoth Dane. ye \
ADORE ad, ie ye int site
CMC PL TE, 143 4.0 145 eel 1. ut
HEE DL 1. qe 6 ON Was
ALR RIF oO, WG.
TOTAL Para)
Bmam Pe she
Sap fac’ Ares Kegtre c  deeey we =

1 Ley 1. us bencd

| eu 1,an bors

3 pa 1.on eFhde
Pua Be) gang

The next step is to select Menu 3. The wall is
Surface type 1, the ceiling is surface type 2, and the
floor is surface type 3. The final DHC is 275)

Btu/ F, indicating that the room surfaces will store
and return 2751 Btu for each 1°F of sinusoidal. room
temnerature swing.

To complete the calculation of aT(swing}, we need
to know Q,, the daily transmitted solar radiation
per ft2 of direct gain glazing. At 40° latitude,
this {s about 1440 Btu/ft2 per day. A is 30 ft2,
Therefore, using Eq. (5):

aT(swing) = (0.61)(1440)(30)/(2751) ,
aT(swing) - 9.6°F

This is the peak-to-peak temperature swing to be
expected on a clear winter day.

REFERENCES

1. MM. G. Davies, "The Thermal Admittance of Layered
Walls," Building Science, 8, 207-220 (1975).

2. J. 0. Balcomb, "Heat Storage and Distribution
Inside Passive Solar Buildings," Los Alamos
National Laboratory Report LA-9694-MS (1984).

3. J. 0. Balcomb, "Prediction of Internal Tempera-
ture Swings in Direct Gain Passive Solar Build-
ings," Proc. Solar World Congress, Pertn,
Australia, August 14-19, 1983. (Los Alamos
National Laboratory internal report
LA-UR-83-2246, )

F Mare Hr dhs Lag
0 Si ve 15.0 11.3 4.0
o1 a Os 4.4 lie
lic ve is.
F Mast HC dh Lag
af 5 1.8 Lik 4.0
r a o.0 {.4 as
“ 5 1.6
Ff Mig: HC dhe Lag
eo ean 4,0 bel a. 0
x 45 {o.0 10.5 a.8
2 4 i Be 1,4
a a. eve 13
7.9 eat SF.
Ht Ht Lag
ers e149 4d.u
me fel 4.7
Said 355 1,5
Bae ers Bod