prompt sha256: 923b0e6a94f21e9e4e4a920eb10d2f7fd8a2036a99d0602f5b6c75b72d3ed508

Blue response, round 1, topic "the seat prompt contract".
Red's verdict: FAIL.
FIRST ACTION (read batching, W1.12): concatenate your working set with a single bash call — `feov-record blue show --run research/2026-01-01_golden --view ledger > <your session scratchpad>/board-1.md && feov-record blue show --run research/2026-01-01_golden --view debate > <your session scratchpad>/debate-1.md && cat <your session scratchpad>/board-1.md <your session scratchpad>/debate-1.md research/2026-01-01_golden/inputs/red-gap-patterns.md > <your session scratchpad>/respond-1-workset.md` (ABSOLUTE scratchpad path, never under research/2026-01-01_golden; the transcript is the RECORD rendered via --view debate, not a hand-written file) — then read that one file instead of three separate reads; report.md you edit in place as usual.
OWNERSHIP STILL BINDS (same as round 0): you edit ONLY your own surfaces — TL;DR, Catechism, technical foundations, analysis, open questions, your footnotes — and you MUST NOT introduce a `**Verdict:**` line or any tool-owned section (`## Risk matrix`, `## Red team findings`, `## The debate`, a `## Blue team report` wrapper) while repairing: assembly composes those from the record, you cannot know the outcome or red's findings, and a verdict or tool-owned section you add here only lands stale and gets stripped.
PRE-FLIGHT: re-check your planned repairs against red's gap patterns (in the workset).
Open gaps (adjudicated ones excluded): [{"id":"R1-1","location":"loc","problem":"p","required_fix":"f","acceptance_check":"grep the corrected figure at the anchor","existence":"verified","severity":"medium","likelihood":"medium","impact":"medium","complexity_cost":"low"}].
GRADING SEMANTICS (mapping v2, and NOT inferable from the JSON above — the map is self-describing as structure and silent on meaning): the likelihood field grades the CONSEQUENCE ONLY, and a gap's existence field (verified|suspected) is the separate axis saying whether the defect was checked at the leaf.
A verified typo whose harm is trivial is existence: verified with a LOW likelihood; reading likelihood as confidence-that-it-exists is the v1 semantics this mapping replaced.
Corroboration flags: [].
BEFORE drafting, read the transcript from the RECORD — the latest "### RED" section of research/2026-01-01_golden/debate.md — the gap JSON above is a lossy summary of it, and it lists any accepted grade-dispute deltas pending their contest window; read red's latest "### RED" narrative there and the latest "### LEAD" resolutions if any: any gap the judge CARRIED comes with a stated research direction you owe.
Address every open gap ADDITIVELY in research/2026-01-01_golden/blue/report.md — expand and repair where red is right, rebut in writing (with evidence) where red is wrong, and argue risk-acceptance where the fix's complexity exceeds its likelihood x impact; compact and reorganize prose as freely as clarity demands — but a CLAIM leaves only through the retire verb (--claim --reason [--superseded-by]), never by quietly not being there any more; capture compares the claim_count fall against the retire events and an unaccounted drop is a detector hit.
Propagate every correction to ALL sites that state the corrected claim, not only the flagged sentence (incomplete propagation was run 3's dominant blue failure class — 5 regressions in 5 rounds).
Two locators, both cheap scans of your OWN report (not a whole-report re-read — that is the once-per-cycle working-set read you already did): for a FOOTNOTED claim, the claim-index lists every site of each footnote label (see `blue claim-index --help`) — fix each; AND for an unfootnoted restatement a marker index cannot see (a bare corrected FIGURE), grep the corrected strings/figures report-wide.
Log the sites checked in the CHANGELOG.
PRESERVE RED'S MARKERS: red anchors each finding with an invisible HTML-comment token `<!--fx:<finding_id>-->` at the quoted sentence — it renders as nothing, it is red's immortal audit record, and it is not yours to remove.
Edit AROUND the markers; when you rewrite or move a sentence, carry its marker with the edit — NEVER delete a `<!--fx:...-->` token.
A citation leaves only when RED withdraws it; a marker you dropped is scored against you as tampering (the dropped-finding-markers detector).
Before closing the round, grep `<!--fx:` and confirm every marker you started with is still present.
GRADE DISPUTES (your contest path on red's grading): to dispute a gap's severity/likelihood/impact/complexity_cost, append it under "### Grade disputes" in research/2026-01-01_golden/debate.md; AND list each in the envelope's grade_disputes as a ROUTING REF ONLY (gap_id, dimension, proposed — no prose: the evidence lives on the record, not a second copy in the envelope) so the docket routes it — max 5 per round (overflow is batch-docketed to the judge as one item).
PROBE CLASSES (W1.10): where a fix demands a probe, discharge a DOCUMENT-PROBE now (against shipped artifacts) or, for a LIVE-PROBE needing built artifacts, name it as a deferred acceptance test with its pass condition — never call a file read a live probe.
THE MANIFEST (W2b — your self-audit's receipt; your constitution carries the full eight rows): for EVERY gap you repair, run the correctness manifest — figures recomputed, universals enumerated, consistency sites swept report-wide, the repair's own boundary case asked, compositions noted where edits share text, sibling sweep or declared-open enumeration, the gap's acceptance_check RUN with its result, new claims tagged verified-at-leaf/derived/asserted — and return one manifest row per repaired gap in the envelope's manifest array ({gap_id, row}: what you checked and what it showed, compressed).
An unmanifested repair is unaudited by your own standard; the script rejects an EMPTY manifest on a round with open gaps, and coverage is scored at capture.
CLAIM UNIT (pinned): claim_count = FOOTNOTED declarative claims (a footnote-bearing sentence counts once; unfootnoted prose counts zero).
Log edits to research/2026-01-01_golden/blue/CHANGELOG.md (Round 1, including claim_count); append your "### BLUE" section for round 1 to research/2026-01-01_golden/debate.md.
ROUND RECORD (W1.7): round_record_appended = TRUE only after BOTH the "### BLUE" round-1 section in debate.md AND the CHANGELOG Round 1 entry exist — the script aborts on false; a revision is not on the record until the transcript carries it (the round-2 desync misled a lens and blinded the judge, run 5).
PETITIONS: if fulfilling this seat's instructions would require asserting what you believe false, burying a real finding, or papering over a safety or ethics hazard, you may petition the bench via the envelope's petitions field (class: ethical|safety|integrity|constitutional, basis, relief) — heard BEFORE the debate continues, never sanctioned, and it does not pause your duties (attributed as blue-respond-r1).
FRICTION (blue-respond-r1): report any friction in the envelope's friction field AND through the tool's friction verb — the verb is the durable record that survives a later phase abort.
Do not hand-write a friction.md; the verb IS the record (the pre-tool dual-write was retired 2026-07-19).
SPEED: every message you send costs a ~20s round-trip regardless of content — batch INDEPENDENT tool calls into a single message (read several files at once; fire independent fetches together); only serialize calls that truly depend on a prior result.
Peek and search files with the native Read (offset/limit), Grep, and Glob tools — NEVER sed/awk/head/tail/cat/grep through Bash for file access (a shell spawn costs 10-100x a native read and buys nothing).
KNOWN HARNESS LIMIT (W1.11, on file three times — do NOT re-log it as friction): Glob/Grep may refuse paths outside the session's registered working directories ("Path does not exist") while Read and Bash reach them; for searches under the run directory the SANCTIONED fallback is Bash grep/ls — this is the one exception to the no-shell-file-access rule.
Return the blue envelope.
