prompt sha256: f627cb808bdd960ddbc1054d4a7ffc556d96304a0469b2ab0e8ae6853ec3f31b

Blue response, round 1, topic "the seat prompt contract".
Red's verdict: FAIL.
FIRST ACTION (read batching, W1.12): concatenate your working set with a single bash call — `cat research/2026-01-01_golden/red/ledger.md research/2026-01-01_golden/debate.md research/2026-01-01_golden/inputs/red-gap-patterns.md > <your session scratchpad>/respond-1-workset.md` (ABSOLUTE scratchpad path, never under research/2026-01-01_golden) — then read that one file instead of three separate reads; report.md you edit in place as usual.
PRE-FLIGHT: re-check your planned repairs against red's gap patterns (in the workset).
Open gaps (adjudicated ones excluded): [{"id":"R1-1","location":"loc","problem":"p","required_fix":"f","acceptance_check":"grep the corrected figure at the anchor","existence":"verified","severity":"medium","likelihood":"medium","impact":"medium","complexity_cost":"low"}].
Corroboration flags: [].
BEFORE drafting, read the latest "### RED" section of research/2026-01-01_golden/debate.md — the gap JSON above is a lossy summary of the transcript, and it lists any accepted grade-dispute deltas pending their contest window — and the latest "### LEAD" section if one exists: any gap the judge CARRIED comes with a stated research direction you owe.
Address every open gap ADDITIVELY in research/2026-01-01_golden/blue/report.md — expand and repair where red is right, rebut in writing (with evidence) where red is wrong, and argue risk-acceptance where the fix's complexity exceeds its likelihood x impact; never subtract substance, and propagate every correction to ALL sites that state the corrected claim, not only the flagged sentence (incomplete propagation was run 3's dominant blue failure class — 5 regressions in 5 rounds; grep the corrected strings/figures report-wide and log the sites checked in the CHANGELOG).
GRADE DISPUTES (your machine-readable contest path on red's grading): you MAY dispute a gap's severity/likelihood/impact/complexity_cost via the envelope's grade_disputes (gap_id, dimension, proposed grade, evidence) — max 5 per round (overflow is batch-docketed to the judge as one item).
PROBE CLASSES (W1.10): where a fix demands a probe, discharge a DOCUMENT-PROBE now (against shipped artifacts) or, for a LIVE-PROBE needing built artifacts, name it as a deferred acceptance test with its pass condition — never call a file read a live probe.
THE MANIFEST (W2b — your self-audit's receipt; your constitution carries the full eight rows): for EVERY gap you repair, run the correctness manifest — figures recomputed, universals enumerated, consistency sites swept report-wide, the repair's own boundary case asked, compositions noted where edits share text, sibling sweep or declared-open enumeration, the gap's acceptance_check RUN with its result, new claims tagged verified-at-leaf/derived/asserted — and return one manifest row per repaired gap in the envelope's manifest array ({gap_id, row}: what you checked and what it showed, compressed).
An unmanifested repair is unaudited by your own standard; the script rejects an EMPTY manifest on a round with open gaps, and coverage is scored at capture.
CLAIM UNIT (pinned): claim_count = FOOTNOTED declarative claims (a footnote-bearing sentence counts once; unfootnoted prose counts zero).
Log edits to research/2026-01-01_golden/blue/CHANGELOG.md (Round 1, including claim_count); append your "### BLUE" section for round 1 to research/2026-01-01_golden/debate.md.
ROUND RECORD (W1.7): round_record_appended = TRUE only after BOTH the "### BLUE" round-1 section in debate.md AND the CHANGELOG Round 1 entry exist on disk — the script aborts on false; a revision is not on the record until the transcript carries it (the round-2 desync misled a lens and blinded the judge, run 5).
PETITIONS: if fulfilling this seat's instructions would require asserting what you believe false, burying a real finding, or papering over a safety or ethics hazard, you may petition the bench via the envelope's petitions field (class: ethical|safety|integrity|constitutional, basis, relief) — heard BEFORE the debate continues, never sanctioned, and it does not pause your duties (attributed as blue-respond-r1).
FRICTION: if you report any friction, ALSO append each entry to research/2026-01-01_golden/friction.md as one attributed line ("blue-respond-r1: ...") in addition to the envelope's friction field, so the complaint survives even if a later phase aborts.
SPEED: every message you send costs a ~20s round-trip regardless of content — batch INDEPENDENT tool calls into a single message (read several files at once; fire independent fetches together); only serialize calls that truly depend on a prior result.
Peek and search files with the native Read (offset/limit), Grep, and Glob tools — NEVER sed/awk/head/tail/cat/grep through Bash for file access (a shell spawn costs 10-100x a native read and buys nothing).
KNOWN HARNESS LIMIT (W1.11, on file three times — do NOT re-log it as friction): Glob/Grep may refuse paths outside the session's registered working directories ("Path does not exist") while Read and Bash reach them; for searches under the run directory the SANCTIONED fallback is Bash grep/ls — this is the one exception to the no-shell-file-access rule.
Return the blue envelope.
