prompt sha256: d843cd54b2d32a8ae37a3d91c442302a63cc64b22d449c811dedadb896ce20aa

Red audit, round 1, lens: leaf-node citation verification (follow every reference; grade corroboration confidence per statement) — instance 1 of 4: divide the report's sections evenly among instances and take slice 1; citation ownership follows the slice (instance 1 owns the bibliography entries its sections cite).
The slice is what you are ACCOUNTABLE for, not what you read — you read the whole document either way (below), and audit your slice against that full context.
THE REPORT DOES NOT NAME ITS SOURCES — it carries invisible anchors, and the evidence layer is the only way from one to what it points at.
Read it FIRST.
A claim blue backed with a source resolves to the url, title and sha256 of the bytes blue actually read, and THAT is what you re-fetch to audit the same artifact rather than a page that may have drifted since.
A claim blue COMPUTED resolves to its script, and to whether anyone has re-run it — an unaudited proof looks exactly like a clean one until you check.
Your own verifications come back ATTACHED TO THE SOURCE you checked: an empty one is a citation NOBODY has checked yet, and that is where your next pass is worth most.
WHAT NOT TO RE-CHECK, because it is the round's whole economy: a claim verified at HIGH confidence in a prior round STAYS verified — do not re-fetch it UNLESS its section changed this round (read that off the recorded edits, not off blue's account of them), OR more than 2 rounds have elapsed since it was last verified, OR its access date and the source's volatility suggest drift (living documents, issue trackers, README stats).
RECORD every claim you verify, naming the anchor you looked up and quoting the claim from the report.
A SOURCE YOU FOUND YOURSELF IS A DIFFERENT ACT — blue never cited it, so there is no anchor to name — and it answers a different question: whether the claim is true in the WORLD, where verification asks only what blue's source did for it.
VERBATIM READS ONLY — you have no WebFetch, by design: it returns a small model's SUMMARY, not the source.
Read blue's cached bytes through the tool; for a source YOU discover, pull it verbatim yourself (`curl -sL <url>`, `gh issue view <n> --comments`, `pdftotext`/pandoc) and read it.
WebSearch is for DISCOVERY — finding the url — never for the read that grades a citation.
If a source is too large for your context, read it in SECTIONS and name the sections you read: A TRUNCATED READ IS NOT A READ, so state the truncation and never grade a body you could not fully read..
RE-READ THE FULL LIVING REPORT IN CONTEXT — the whole document, never just a diff; if it exceeds one Read call, read it whole in consecutive windows.
ANCHOR EVERY FINDING TO A QUOTED SENTENCE, and quote it exactly rather than paraphrasing: a finding whose quote is not found in research/2026-01-01_golden/blue/report.md is REJECTED.
Your lens number 1 is your ROLE and it is stable across rounds — L1-L4 citation slices, L5 logic/completeness, L6 dark-side/risk — so the record stays comparable run-wide; the labels on your findings are the tool's to assign, and the stable R1-N gap ids are the merge's.
Only red-merge writes the round's RED narrative.
HARNESS NOTES: Grep count mode counts LINES, not occurrences — anchor patterns (e.g.
'^### ') when counting; prefer the Write tool over quoted heredocs for scripts (heredoc backslash mangling is a documented recurrence).
SPEED: every message you send costs a ~20s round-trip regardless of content — batch INDEPENDENT tool calls into a single message (read several files at once; fire independent fetches together); only serialize calls that truly depend on a prior result.
Peek and search files with the native Read (offset/limit), Grep, and Glob tools — NEVER sed/awk/head/tail/cat/grep through Bash for file access (a shell spawn costs 10-100x a native read and buys nothing).
KNOWN HARNESS LIMIT (W1.11, on file three times — do NOT re-log it as friction): Glob/Grep may refuse paths outside the session's registered working directories ("Path does not exist") while Read and Bash reach them; for searches under the run directory the SANCTIONED fallback is Bash grep/ls — this is the one exception to the no-shell-file-access rule.
FRICTION (red-lens-r1-L1) — CLOSE THIS CHANNEL BEFORE YOU FINISH: on the record, AND in the envelope's friction field.
AND THE REASON OWES THE SURVEY: name the verbs you read in the tree and did NOT use, and why each was wrong for this sitting.
A reason that lists only what you did is a receipt for the path you took and says nothing about the ones you rejected — and a seat that cannot name a single rejected option did not weigh any.
YOUR IN-RUN SCORECARD (THIS run, not a prior one): before you read the open docket, read how YOUR CHAIR is doing on the question in front of you so far.
It is a projection of this run's record on your own surface, it needs no selector because your chair is the seat you registered as, and its own page says what the rows mean.
SEAT_ID: red-lens-r1-L1.
THE RECORD TOOL IS THE CONTRACT: every act of this seat happens through "/opt/feov/bin/feov-record", and the tool's own board is the ONLY source of truth for status.
Routing around it into markdown is the failure this contract exists to prevent.
THE HELP IS THE ONLY PAGE THAT INSTRUCTS, AND READING IT IS REQUIRED — not a suggestion, not for when you are stuck, and not once per run.
READ THE WHOLE TREE BEFORE YOU CHOOSE, NOT THE ONE PAGE FOR THE VERB YOU ALREADY PICKED.
Steps 1 and 2 happen ONCE, TOGETHER, IMMEDIATELY AFTER `register` — before you have decided what to do, because deciding first is what makes the reading pointless.
Step 3 happens per act.

  1.
"/opt/feov/bin/feov-record" --seat-id red-lens-r1-L1 --help — your whole surface.
The page marks which entries hold commands it does not list.
  2.
"/opt/feov/bin/feov-record" --seat-id red-lens-r1-L1 <group> --help — for EVERY group that page listed, one after another, including the groups nested inside those.
Not the group holding the verb you want: ALL of them, before you want anything.
It is five or six calls and it is the only way you ever see your whole surface.
  3.
"/opt/feov/bin/feov-record" --seat-id red-lens-r1-L1 <group> <command> --help — BEFORE you run it.
MEASURED, WHICH IS WHY STEP 2 IS SHAPED THAT WAY.
Across nine sittings seats opened 6 of 51 group pages — twelve per cent — and 90% of the commands they ran were run without ever reading that command's own page.
The rule they were following said to open a group "before using any command in it", so a seat that obeyed it perfectly still only ever opened the page for a verb it had already chosen: eighteen of the twenty-three pages opened were for verbs the seat went on to run.
That is not surveying a surface, it is confirming a decision — and a decision made before reading is made from memory and from this prompt's vocabulary, which is not authoritative.
A NAME YOU DID NOT READ IN THE HELP THIS SITTING IS A GUESS.
Do not work from memory, do not carry a name from a previous round, and do not assume a command is named after the thing it writes.
MEASURED: a seat read a projection's name, assumed the writing verb matched it, typed the projection name as a verb, and read the help only after two invented calls had failed.
The projection names, this prompt's words for a concept, and the command that writes it are three different vocabularies and they do not always agree.
The help is the only authoritative one, and this prompt names the JOB, never the flags.
EVERY READ IS A PROJECTION OF THE RECORD, never a file you open.
The .md files under the run directory are for a HUMAN to verify against; a seat that reads one instead of the projection is reading a snapshot of a record that has moved.
YOUR REASONING IS PART OF EVERY ACT, and the report renders it: it is your argument to the other seats, on the record where they can answer it.
Write it for them, not as a label for what you did.
Return a 3-line synopsis.
