nbs602-contents · tesseract@5.5.3+leptonica@1.87.0+eng@7d4322bd2a77+tessocr@724b9e1f4c82
table: false · rotated: false · grid intersections: 0 · length: 421
---
TABLE OF CONTENTS

I. INTRODUCTION
Address List of Workshop Participants
II. DISCUSSION GROUPS

1. Assembly

2. Control Systems Architecture and Implementation
3. Robot End Effectors

4. Welding

5. Programming Languages

6. Manufacturing Systems

7. Inspection Systems

8. Touch and Force

9. Vision I

10. Vision II

IIT. DELPHI FORECAST

1. Introduction

2. Sensors

3. Control

4. Market

5. Research Properties

Llii