Searches the raw transcripts the store names, and joins each hit back to whose
session it was.

No full-text index is built. A whole-corpus search measures tens of milliseconds
against a corpus of hundreds of megabytes, where an index would cost gigabytes and
need invalidating on every append — the filesystem is already the index, and it
cannot go stale.

The term is passed to ripgrep as a single argument and never reaches a shell.

If ripgrep is missing this REFUSES rather than printing "no matches": a search that
could not run must never be reported as a search that found nothing.

Usage:
  telepathy find <term> [flags]

Flags:
  -h, --help   help for find

Global Flags:
      --projects string   the transcript root, which this reads and never writes (default "~/.claude/projects")
      --sessions string   where the client advertises live sessions, which is the only source of liveness (default "~/.claude/sessions")
      --store string      the catalogue database the hooks write and every read verb queries (default "$XDG_STATE_HOME/special-circumstances/catalogue/catalogue.db")
