Lists every session the client currently advertises, with its liveness, how much it
has done and what it did last — and below them, the sessions the last restart cut off.

Liveness comes from the client's session files and /proc, never from the store: a
transcript cannot say whether the process that wrote it is still there. 'live',
'ended' and 'unknown' are MEASURED, and 'unknown' is a third answer and not a
synonym for 'ended'.

'lost' is INFERRED, from the store and the boot time. A session is lost when its
last sign of life — its newest act, word or thought, in transcript time — precedes
the boot, lies within --window of the newest activity before the boot, was not
closed by the catalogue between that activity and the boot, and is not 'live'. An
advertised session that reads 'ended' and meets that test is listed once, as
'lost'; an 'unknown' one is never 'lost'. The list is candidates for a human: a
session that exited cleanly after the last closure sweep reads the same, and the
resume attempt is the check.

--lost prints only those, one block each: where to resume from, the cloud id when
capture recorded one, the last sign of life, the session's last recorded
permission mode, and the commands that bring it back in that mode. The boot is
/proc/stat's btime on Linux; elsewhere --lost refuses unless --boot is given.

Usage:
  telepathy agents [flags]

Flags:
      --boot int          the boot to measure from, in Unix seconds (default /proc/stat's btime, on Linux only)
  -h, --help              help for agents
      --lost              print only the sessions the last restart cut off, each with the commands that bring it back
      --window duration   how long before the newest pre-boot activity a session may have gone quiet and still be listed (default 48h0m0s)

Global Flags:
      --projects string   the transcript root, which this reads and never writes (default "~/.claude/projects")
      --sessions string   where the client advertises live sessions, which is the only source of liveness (default "~/.claude/sessions")
      --store string      the catalogue database the hooks write and every read verb queries (default "$XDG_STATE_HOME/special-circumstances/catalogue/catalogue.db")
