session bbbbbbbb  (open)
  <CORPUS>/-work-beta

  TOOL               CALLS  ERRORS
  Edit                   1       0

  2 words, 0 thoughts
  ^ no thinking blocks at all in this session's transcript — not even empty ones, which is a different state from reasoning that was withheld. Check `showThinkingSummaries`; and do not read this zero as a fact about the agent.
