$ merge petition --run {RUN} --seat-id red-merge-r1 --petition-class safety --reason the design erodes a consent gate --relief halt and escalate
exit 0
stdout:
petition filed (safety)

$ bench register --run {RUN} --seat-id judge-petition
exit 0
stdout:
registered judge-petition (shard nonce NONCE002)

$ bench petition-rule --run {RUN} --seat-id judge-petition --petitioner red-merge-r1 --petition-class safety --as granted --reason the relief binds the coming seats
exit 0
stdout:
petition granted (red-merge-r1)

$ bench halt --run {RUN} --seat-id judge-petition --reason continuing would compromise the consent gate
exit 0
stdout:
JUDICIAL HALT recorded — capture relays this verbatim

═══ EVENTS ═══
-- events-judge-petition-NONCE002.jsonl
{"key":"judge-petition:register:NONCE002","nonce":"NONCE002","payload":{"tool_version":"0.43.0"},"round":0,"seatId":"judge-petition","seq":0,"ts":2,"type":"register"}
{"key":"judge-petition:petition-rule:#1","nonce":"NONCE002","payload":{"class":"safety","opinion":"the relief binds the coming seats","petitioner":"red-merge-r1","ruling":"granted"},"round":0,"seatId":"judge-petition","seq":1,"ts":3,"type":"petition-rule"}
{"key":"judge-petition:halt:#1","nonce":"NONCE002","payload":{"opinion":"continuing would compromise the consent gate"},"round":0,"seatId":"judge-petition","seq":2,"ts":4,"type":"halt"}
-- events-red-merge-r1-NONCE001.jsonl
{"key":"red-merge-r1:register:NONCE001","nonce":"NONCE001","payload":{"tool_version":"0.43.0"},"round":1,"seatId":"red-merge-r1","seq":0,"ts":0,"type":"register"}
{"key":"red-merge-r1:petition:#1","nonce":"NONCE001","payload":{"basis":"the design erodes a consent gate","class":"safety","relief":"halt and escalate"},"round":1,"seatId":"red-merge-r1","seq":1,"ts":1,"type":"petition"}

═══ RENDERS ═══
-- ledger
# red/ledger.md — RENDERED PROJECTION (source of truth: records/ event log; do not hand-edit)

## OPEN GAPS (0)

## CLOSURE INDEX



-- archive
# red/archive.md — RENDERED PROJECTION (append-only by construction in the event log)

-- debate
# debate.md — RENDERED PROJECTION (source of truth: records/ event log)

-- changelog
# blue CHANGELOG — RENDERED PROJECTION

-- citation-ledger
# red citation-ledger — RENDERED PROJECTION

-- lines-of-inquiry
# Lines of Inquiry — RENDERED PROJECTION (source of truth: records/ event log)

_No avenues recorded. On a run past round 0 that is itself a finding: the exploration
either did not happen or was not written down, and a report with no roads-not-taken is
indistinguishable from one that never looked._

