$ lens petition --run {RUN} --seat-id red-lens-r1-L6 --petition-class safety --basis the design erodes a consent gate --relief halt and escalate
exit 0
stdout:
petition filed (safety) — the bench hears it before the debate continues

$ bench register --run {RUN} --seat-id judge-petition
exit 0
stdout:
registered judge-petition (shard nonce NONCE002)

$ bench petition-rule --run {RUN} --seat-id judge-petition --petitioner red-lens-r1-L6 --petition-class safety --as granted --text the relief binds the coming seats
exit 0
stdout:
petition granted (red-lens-r1-L6)

$ bench halt --run {RUN} --seat-id judge-petition --text continuing would compromise the consent gate
exit 0
stdout:
JUDICIAL HALT recorded — capture relays this verbatim

═══ EVENTS ═══
-- events-judge-petition-NONCE002.jsonl
{"key":"judge-petition:register:NONCE002","nonce":"NONCE002","payload":{"tool_version":"0.8.0"},"round":0,"seatId":"judge-petition","seq":0,"ts":2,"type":"register"}
{"key":"judge-petition:petition-rule:#1","nonce":"NONCE002","payload":{"class":"safety","opinion":"the relief binds the coming seats","petitioner":"red-lens-r1-L6","ruling":"granted"},"round":0,"seatId":"judge-petition","seq":1,"ts":3,"type":"petition-rule"}
{"key":"judge-petition:halt:#1","nonce":"NONCE002","payload":{"opinion":"continuing would compromise the consent gate"},"round":0,"seatId":"judge-petition","seq":2,"ts":4,"type":"halt"}
-- events-red-lens-r1-L6-NONCE001.jsonl
{"key":"red-lens-r1-L6:register:NONCE001","nonce":"NONCE001","payload":{"tool_version":"0.8.0"},"round":1,"seatId":"red-lens-r1-L6","seq":0,"ts":0,"type":"register"}
{"key":"red-lens-r1-L6:petition:#1","nonce":"NONCE001","payload":{"basis":"the design erodes a consent gate","class":"safety","relief":"halt and escalate"},"round":1,"seatId":"red-lens-r1-L6","seq":1,"ts":1,"type":"petition"}

═══ RENDERS ═══
-- CHANGELOG.md
# blue CHANGELOG — RENDERED PROJECTION

-- archive.md
# red/archive.md — RENDERED PROJECTION (append-only by construction in the event log)

-- board-telemetry.jsonl

-- citation-ledger.md
# red citation-ledger — RENDERED PROJECTION

-- debate.md
# debate.md — RENDERED PROJECTION (source of truth: records/ event log)

-- ledger.md
# red/ledger.md — RENDERED PROJECTION (source of truth: records/ event log; do not hand-edit)

## OPEN GAPS (0)

## CLOSURE INDEX



-- lines-of-inquiry.md
# Lines of Inquiry — RENDERED PROJECTION (source of truth: records/ event log)


