$ lens register --run {RUN} --seat-id red-lens-r1-L1
exit 0
stdout:
registered red-lens-r1-L1 (shard nonce NONCE001)

$ lens verify --run {RUN} --seat-id red-lens-r1-L1 --claim claim one --reference https://example.invalid/a --trust high --access-date 2026-07-18
exit 0
stdout:
source verified: https://example.invalid/a

$ lens finding --run {RUN} --seat-id red-lens-r1-L1 --key F1 --severity medium --likelihood medium --impact high --location ## S2 --reason citation does not support
exit 0
stdout:
finding recorded: L1-F1 — the run-unique label a gap's found_by names (id FINDING001)

$ lens register --run {RUN} --seat-id red-lens-r1-L5
exit 0
stdout:
registered red-lens-r1-L5 (shard nonce NONCE002)

$ lens finding --run {RUN} --seat-id red-lens-r1-L5 --key F1 --severity high --likelihood high --impact high --location ## S4 --reason a leap of faith
exit 0
stdout:
finding recorded: L5-F1 — the run-unique label a gap's found_by names (id FINDING001)

$ merge register --run {RUN} --seat-id red-merge-r1
exit 0
stdout:
registered red-merge-r1 (shard nonce NONCE003)

$ merge mint --run {RUN} --seat-id red-merge-r1 --class citation-drift --check-kind document --check refetch and diff --severity high --likelihood high --impact high --cx medium --location ## S2 --found-by L1-F1,L5-F1 --problem the cited source does not say this
exit 0
stdout:
minted R1-1

$ merge position --run {RUN} --seat-id red-merge-r1 --reason round one: FAIL
exit 0
stdout:
position recorded

$ merge verdict --run {RUN} --seat-id red-merge-r1 --as FAIL
exit 0
stdout:
verdict FAIL (1 open, 0 closed) and checkpointed to {MIRROR}

═══ EVENTS ═══
-- events-red-lens-r1-L1-NONCE001.jsonl
{"key":"red-lens-r1-L1:register:NONCE001","nonce":"NONCE001","payload":{"tool_version":"0.52.0"},"role":"lens","round":1,"seatId":"red-lens-r1-L1","seq":0,"ts":0,"type":"register"}
{"key":"red-lens-r1-L1:verify:https://example.invalid/a","nonce":"NONCE001","payload":{"access_date":"2026-07-18","claim":"claim one","reference":"https://example.invalid/a","trust":"high"},"role":"lens","round":1,"seatId":"red-lens-r1-L1","seq":1,"ts":1,"type":"verify"}
{"key":"red-lens-r1-L1:finding:L1-F1","nonce":"NONCE001","payload":{"finding_id":"FINDING001","finding_key":"F1","impact":"high","label":"L1-F1","likelihood":"medium","location":"## S2","severity":"medium","text":"citation does not support"},"role":"lens","round":1,"seatId":"red-lens-r1-L1","seq":2,"ts":2,"type":"finding"}
{"key":"red-lens-r1-L1:anchor:FINDING001","nonce":"NONCE001","payload":{"id":"FINDING001","location":"## S2"},"role":"lens","round":1,"seatId":"red-lens-r1-L1","seq":3,"ts":3,"type":"anchor"}
-- events-red-lens-r1-L5-NONCE002.jsonl
{"key":"red-lens-r1-L5:register:NONCE002","nonce":"NONCE002","payload":{"tool_version":"0.52.0"},"role":"lens","round":1,"seatId":"red-lens-r1-L5","seq":0,"ts":4,"type":"register"}
{"key":"red-lens-r1-L5:finding:L5-F1","nonce":"NONCE002","payload":{"finding_id":"FINDING001","finding_key":"F1","impact":"high","label":"L5-F1","likelihood":"high","location":"## S4","severity":"high","text":"a leap of faith"},"role":"lens","round":1,"seatId":"red-lens-r1-L5","seq":1,"ts":5,"type":"finding"}
{"key":"red-lens-r1-L5:anchor:FINDING001","nonce":"NONCE002","payload":{"id":"FINDING001","location":"## S4"},"role":"lens","round":1,"seatId":"red-lens-r1-L5","seq":2,"ts":6,"type":"anchor"}
-- events-red-merge-r1-NONCE003.jsonl
{"key":"red-merge-r1:register:NONCE003","nonce":"NONCE003","payload":{"tool_version":"0.52.0"},"role":"merge","round":1,"seatId":"red-merge-r1","seq":0,"ts":7,"type":"register"}
{"key":"red-merge-r1:mint:R1-1","nonce":"NONCE003","payload":{"acceptance_check":"refetch and diff","check_kind":"document","class":"citation-drift","class_new":false,"complexity_cost":"medium","fix_basis":"proposed","found_by":["L1-F1","L5-F1"],"gap_id":"R1-1","impact":"high","likelihood":"high","location":"## S2","problem":"the cited source does not say this","severity":"high","supersedes":[]},"role":"merge","round":1,"seatId":"red-merge-r1","seq":1,"ts":8,"type":"mint"}
{"key":"red-merge-r1:position","nonce":"NONCE003","payload":{"text":"round one: FAIL"},"role":"merge","round":1,"seatId":"red-merge-r1","seq":2,"ts":9,"type":"position"}
{"key":"red-merge-r1:verdict","nonce":"NONCE003","payload":{"verdict":"FAIL"},"role":"merge","round":1,"seatId":"red-merge-r1","seq":3,"ts":10,"type":"verdict"}

═══ RENDERS ═══
-- ledger
# red/ledger.md — RENDERED PROJECTION (source of truth: records/ event log; do not hand-edit)

## OPEN GAPS (1)

### R1-1 — the cited source does not say this
## S2
severity high | high x high | cx medium | class citation-drift | found_by L1-F1,L5-F1
required_fix: 
acceptance_check: refetch and diff

## CLOSURE INDEX



-- archive
# red/archive.md — RENDERED PROJECTION (append-only by construction in the event log)

-- debate
# debate.md — RENDERED PROJECTION (source of truth: records/ event log)

## Round 1

### RED
round one: FAIL

-- changelog
# blue CHANGELOG — RENDERED PROJECTION

-- citation-ledger
# red citation-ledger — RENDERED PROJECTION
claim one | https://example.invalid/a | high | r1 | 2026-07-18

-- lines-of-inquiry
# Lines of Inquiry — RENDERED PROJECTION (source of truth: records/ event log)

_No avenues recorded. On a run past round 0 that is itself a finding: the exploration
either did not happen or was not written down, and a report with no roads-not-taken is
indistinguishable from one that never looked._

