$ lens register --run {RUN} --seat-id red-lens-r1-L1
exit 0
stdout:
registered red-lens-r1-L1 (shard nonce NONCE001)

$ lens verify --run {RUN} --seat-id red-lens-r1-L1 --quote claim one --title https://example.invalid/a --trust high --access-date 2026-07-18
exit 2
stderr:
feov-record: unknown flag: --title

adjudicate ONE citation blue authored: --anchor c-<hex> (from `show evidence`) --quote "..." --as supports|refutes|absent|… --confidence high|medium|low --reason "<what the source actually says>". THIS VERB JUDGES A CITATION THAT EXISTS. A claim carrying NO citation at all is not verified as `absent` — `absent` means you read blue's source and the claim is not in it. An unevidenced claim is not this verb's, and it is not automatically a finding either: if a source exists and you can reach it, `corroborate` is how you go and get it, and it answers whether the claim is true in the WORLD. `finding` is for when there is nothing to fetch, and answers whether the TEXT stands up.

If you need a verb or a flag that is not listed here, it does not exist for you:
do not improvise around it, and do not hand-write the artifact. Record what you
needed and what you would have done with your role's 'friction' verb — a missing
capability is a finding about the tooling, and that channel is how it gets fixed.

Usage:
  {TOOL} verify [flags]

Flags:
      --access-date YYYY-MM-DD     YYYY-MM-DD you actually read it; drives the staleness re-fetch trigger
      --anchor <!--cite:c-…-->   the c-<hex> of the citation you checked, from the report's <!--cite:c-…--> token — resolve it with `lens show evidence`
      --as refutes                 REQUIRED — REQUIRED — what the source ACTUALLY DID for the claim. It has a negative half: refutes and `absent` are findings, not failures to grade
      --confidence refutes         REQUIRED — REQUIRED — how sure you are of THAT determination, whichever it was. A separate question from --as: refutes you would defend and `refutes` you are unsure of are different facts
  -h, --help                       help for verify
      --quote string               REQUIRED — REQUIRED — the EXACT text from blue/report.md, quoted verbatim and NOTHING else — no section heading, no dash, no pipe: this whole string is matched against the report, so anything you prepend makes it match nothing. Name the section in --reason, where prose belongs (the claim you are checking)
      --reason string              REQUIRED — your reasoning or argument for this act — the substance the report renders and the other side answers; --reason-file for anything long or from stdin with -
      --reason-file -              read --reason from a file, or from stdin with - — the same field as --reason, for anything long or that would fight shell quoting

Enumerated values:
  --as
    supports              you read the source at the leaf and it says what the claim says
    supports-with-bridge  it supports the claim but you had to bridge something — a summary, a secondary citation, a near-restatement
    weak                  it gestures at the claim, or is itself uncorroborated: thin support, not none
    refutes               you read the source and it CONTRADICTS the claim — the strongest finding this verb can carry, and until 0.60.0 it had no field at all
    absent                you read the source and the claim is simply not in it. Distinct from `refutes`: silence is not contradiction, and a reader deciding what to do about it needs to know which it was
    unreachable           you could not read it — paywall, dead link, a format you could not extract. Say what you tried in --reason; an untried "unable to corroborate" is an incomplete audit

  --confidence
    high    you read the source at the leaf and would defend this determination as it stands
    medium  you are reasonably sure, but the reading bridges something — a summary, a secondary source, a near-restatement rather than the exact statement
    low     your reading may be wrong: an ambiguous passage, thin evidence, or a source you could only partly read. This is a call for more evidence, NOT an automatic fail — blue digs further

Global Flags:
      --json             emit a structured JSON result (and structured errors) instead of human text
      --run string       the run directory. REQUIRED unless the engine injected it — it does in a real run, which is why you rarely type it. A value that DISAGREES with the run you were dispatched into is refused rather than obeyed
      --seat-id string   your seat id, assigned by the engine and bound to this role's namespace

$ lens finding --run {RUN} --seat-id red-lens-r1-L1 --key F1 --severity medium --likelihood medium --impact high --quote ## S2 --reason citation does not support
exit 0
stdout:
finding recorded: L1-F1 — the run-unique label a gap's found_by names (id FINDING001)

$ lens register --run {RUN} --seat-id red-lens-r1-L5
exit 0
stdout:
registered red-lens-r1-L5 (shard nonce NONCE002)

$ lens finding --run {RUN} --seat-id red-lens-r1-L5 --key F1 --severity high --likelihood high --impact high --quote ## S4 --reason a leap of faith
exit 0
stdout:
finding recorded: L5-F1 — the run-unique label a gap's found_by names (id FINDING001)

$ merge register --run {RUN} --seat-id red-merge-r1
exit 0
stdout:
registered red-merge-r1 (shard nonce NONCE003)

$ merge mint --run {RUN} --seat-id red-merge-r1 --class citation-drift --check-kind document --check refetch and diff --severity high --likelihood high --impact high --complexity medium --quote ## S2 --found-by L1-F1,L5-F1 --problem the cited source does not say this
exit 0
stdout:
minted R1-1

$ merge position --run {RUN} --seat-id red-merge-r1 --reason round one: FAIL
exit 0
stdout:
position recorded

$ merge verdict --run {RUN} --seat-id red-merge-r1 --as FAIL
exit 0
stdout:
verdict FAIL (1 open, 0 closed) and checkpointed to {MIRROR}

═══ EVENTS ═══
-- events-red-lens-r1-L1-NONCE001.jsonl
{"key":"red-lens-r1-L1:register:NONCE001","nonce":"NONCE001","payload":{"tool_version":"0.72.0"},"role":"lens","round":1,"seatId":"red-lens-r1-L1","seq":0,"ts":0,"type":"register"}
{"key":"red-lens-r1-L1:finding:L1-F1","nonce":"NONCE001","payload":{"finding_id":"FINDING001","finding_key":"F1","impact":"high","label":"L1-F1","likelihood":"medium","location":"## S2","reason":"citation does not support","severity":"medium"},"role":"lens","round":1,"seatId":"red-lens-r1-L1","seq":1,"ts":1,"type":"finding"}
{"key":"red-lens-r1-L1:anchor:FINDING001","nonce":"NONCE001","payload":{"id":"FINDING001","location":"## S2"},"role":"lens","round":1,"seatId":"red-lens-r1-L1","seq":2,"ts":2,"type":"anchor"}
-- events-red-lens-r1-L5-NONCE002.jsonl
{"key":"red-lens-r1-L5:register:NONCE002","nonce":"NONCE002","payload":{"tool_version":"0.72.0"},"role":"lens","round":1,"seatId":"red-lens-r1-L5","seq":0,"ts":3,"type":"register"}
{"key":"red-lens-r1-L5:finding:L5-F1","nonce":"NONCE002","payload":{"finding_id":"FINDING001","finding_key":"F1","impact":"high","label":"L5-F1","likelihood":"high","location":"## S4","reason":"a leap of faith","severity":"high"},"role":"lens","round":1,"seatId":"red-lens-r1-L5","seq":1,"ts":4,"type":"finding"}
{"key":"red-lens-r1-L5:anchor:FINDING001","nonce":"NONCE002","payload":{"id":"FINDING001","location":"## S4"},"role":"lens","round":1,"seatId":"red-lens-r1-L5","seq":2,"ts":5,"type":"anchor"}
-- events-red-merge-r1-NONCE003.jsonl
{"key":"red-merge-r1:register:NONCE003","nonce":"NONCE003","payload":{"tool_version":"0.72.0"},"role":"merge","round":1,"seatId":"red-merge-r1","seq":0,"ts":6,"type":"register"}
{"key":"red-merge-r1:mint:R1-1","nonce":"NONCE003","payload":{"acceptance_check":"refetch and diff","check_kind":"document","class":"citation-drift","class_new":false,"complexity_cost":"medium","fix_basis":"proposed","found_by":["L1-F1","L5-F1"],"gap_id":"R1-1","impact":"high","likelihood":"high","location":"## S2","problem":"the cited source does not say this","severity":"high","supersedes":[]},"role":"merge","round":1,"seatId":"red-merge-r1","seq":1,"ts":7,"type":"mint"}
{"key":"red-merge-r1:position","nonce":"NONCE003","payload":{"reason":"round one: FAIL"},"role":"merge","round":1,"seatId":"red-merge-r1","seq":2,"ts":8,"type":"position"}
{"key":"red-merge-r1:verdict","nonce":"NONCE003","payload":{"verdict":"FAIL"},"role":"merge","round":1,"seatId":"red-merge-r1","seq":3,"ts":9,"type":"verdict"}

═══ RENDERS ═══
-- debate
# debate.md — RENDERED PROJECTION (source of truth: records/ event log)

## Round 1

### RED
round one: FAIL

-- lines-of-inquiry
# Lines of Inquiry — RENDERED PROJECTION (source of truth: records/ event log)

_No inquiries recorded. On a run past round 0 that is itself a finding: the exploration
either did not happen or was not written down, and a report with no roads-not-taken is
indistinguishable from one that never looked._


═══ REPORT ═══
# _(blue/report.md has no title — not authored here)_

**Verdict:** _(no terminal outcome recorded — `bench outcome` was not run before assembly)_

## Read this first

1 open gap(s) remain, most severe first — full statements in **Red team findings** below.

1. **[high]** the cited source does not say this (R1-1) — 

## TL;DR

_(blue/report.md has no "## TL;DR" section — not authored here; blue owns this surface and red audits it.)_

## The Catechism

_(blue/report.md has no "## The Catechism" section — not authored here; blue owns this surface and red audits it.)_

## Technical foundations

_(blue/report.md has no "## Technical foundations" section — not authored here; blue owns this surface and red audits it.)_

## Analysis

_(blue/report.md has no "## Analysis" section — not authored here; blue owns this surface and red audits it.)_

## Risk matrix

| Risk | Likelihood | Impact | Complexity to mitigate | Mitigation / disposition |
|---|---|---|---|---|
| the cited source does not say this | high | high | medium | — |

The matrix is a scan surface: each row's full problem statement, required fix and acceptance check are in **Red team findings** below.

## Research areas

_(none on the record)_

## Future research directions

_(none on the record)_

## Alternatives considered

_(none on the record)_

## Open questions

_(blue/report.md has no "## Open questions" section — not authored here; blue owns this surface and red audits it.)_

## Blue team report (sections not composed above)

## S2

A claim sits under S2.

## S4

A claim sits under S4.

## Red team findings (in full)

### Open gaps (1)

### R1-1 — the cited source does not say this
## S2
severity high | high x high | cx medium | class citation-drift
required_fix: 
fix_basis: **proposed** — prose only. Red did not state an exact replacement, so nothing checked this demand against the report's current text.
acceptance_check: refetch and diff
surfaced by: L1-F1, L5-F1

### Closure index (0)

_(nothing closed)_

## The debate

### Round 1

### RED
round one: FAIL

## Record verification

Computed by replaying the event record, not reported by any seat. These are the invariants that must hold if the record is internally consistent.

- **ok** — `gaps-disposed` — every closed gap carries a reason (a closure class or a bench disposition)
- **ok** — `found-by-resolves` — every found_by credit names a real finding
- **ok** — `dialectic-refs-resolve` — every closing/dispute/opinion names a gap that exists
- **ok** — `supersedes-resolve` — every supersedes ancestor is a real gap
- **n/a** — `pass-closes-all-gaps` — the verdict is FAIL, so there is no PASS to contradict
- **ok** — `register-before-append` — every seat registered before it wrote
- **ok** — `archive-spot-check-floor` — every round that entered with a non-empty archive sampled it

**6 held · 1 did not apply · 0 violated.** An invariant that did not apply checked NOTHING — it is not a pass, and one that never applies across runs is a gate worth questioning rather than a clean bill.
