$ feov-record 
exit 2
stderr:
feov-record: you named no command, so nothing ran. The commands below are the whole surface.

--seat-id IS REQUIRED HERE, because nothing identified you: FEOV_SEAT is unset and no --seat-id was given. The surface is scoped to whoever is asking, so there is no tree to show until you say who that is — a seat id, or `operator`. In a real run the engine injects it and you never type it.

feov-record — the seat-side record runtime (the verb set IS the role boundary)

A lens structurally cannot mint or close a board gap: no such verb exists in its
namespace. Blue has no board verbs at all. The bench rules and never originates.

Usage:
  feov-record [flags]

Flags:
  -h, --help             help for feov-record
      --json             emit a structured JSON result (and structured errors) instead of human text
      --run string       the run directory. REQUIRED unless the engine injected it — it does in a real run, which is why you rarely type it. A value that DISAGREES with the run you were dispatched into is refused rather than obeyed
      --seat-id string   your seat id, assigned by the engine and bound to this role's namespace
  -v, --version          version for feov-record

$ feov-record help
exit 2
stderr:
feov-record: a command was named and the surface is scoped to whoever is asking.

--seat-id IS REQUIRED HERE, because nothing identified you: FEOV_SEAT is unset and no --seat-id was given. The surface is scoped to whoever is asking, so there is no tree to show until you say who that is — a seat id, or `operator`. In a real run the engine injects it and you never type it.

feov-record — the seat-side record runtime (the verb set IS the role boundary)

A lens structurally cannot mint or close a board gap: no such verb exists in its
namespace. Blue has no board verbs at all. The bench rules and never originates.

Usage:
  feov-record [flags]

Flags:
  -h, --help             help for feov-record
      --json             emit a structured JSON result (and structured errors) instead of human text
      --run string       the run directory. REQUIRED unless the engine injected it — it does in a real run, which is why you rarely type it. A value that DISAGREES with the run you were dispatched into is refused rather than obeyed
      --seat-id string   your seat id, assigned by the engine and bound to this role's namespace
  -v, --version          version for feov-record

$ feov-record --help
exit 0
stdout:
feov-record — the seat-side record runtime (the verb set IS the role boundary)

A lens structurally cannot mint or close a board gap: no such verb exists in its
namespace. Blue has no board verbs at all. The bench rules and never originates.

Usage:
  feov-record [flags]

Flags:
  -h, --help             help for feov-record
      --json             emit a structured JSON result (and structured errors) instead of human text
      --run string       the run directory. REQUIRED unless the engine injected it — it does in a real run, which is why you rarely type it. A value that DISAGREES with the run you were dispatched into is refused rather than obeyed
      --seat-id string   your seat id, assigned by the engine and bound to this role's namespace
  -v, --version          version for feov-record

$ feov-record lens help
exit 2
stderr:
feov-record: a command was named and the surface is scoped to whoever is asking.

--seat-id IS REQUIRED HERE, because nothing identified you: FEOV_SEAT is unset and no --seat-id was given. The surface is scoped to whoever is asking, so there is no tree to show until you say who that is — a seat id, or `operator`. In a real run the engine injects it and you never type it.

feov-record — the seat-side record runtime (the verb set IS the role boundary)

A lens structurally cannot mint or close a board gap: no such verb exists in its
namespace. Blue has no board verbs at all. The bench rules and never originates.

Usage:
  feov-record [flags]

Flags:
  -h, --help             help for feov-record
      --json             emit a structured JSON result (and structured errors) instead of human text
      --run string       the run directory. REQUIRED unless the engine injected it — it does in a real run, which is why you rarely type it. A value that DISAGREES with the run you were dispatched into is refused rather than obeyed
      --seat-id string   your seat id, assigned by the engine and bound to this role's namespace
  -v, --version          version for feov-record

$ feov-record merge help
exit 2
stderr:
feov-record: a command was named and the surface is scoped to whoever is asking.

--seat-id IS REQUIRED HERE, because nothing identified you: FEOV_SEAT is unset and no --seat-id was given. The surface is scoped to whoever is asking, so there is no tree to show until you say who that is — a seat id, or `operator`. In a real run the engine injects it and you never type it.

feov-record — the seat-side record runtime (the verb set IS the role boundary)

A lens structurally cannot mint or close a board gap: no such verb exists in its
namespace. Blue has no board verbs at all. The bench rules and never originates.

Usage:
  feov-record [flags]

Flags:
  -h, --help             help for feov-record
      --json             emit a structured JSON result (and structured errors) instead of human text
      --run string       the run directory. REQUIRED unless the engine injected it — it does in a real run, which is why you rarely type it. A value that DISAGREES with the run you were dispatched into is refused rather than obeyed
      --seat-id string   your seat id, assigned by the engine and bound to this role's namespace
  -v, --version          version for feov-record

$ feov-record blue help
exit 2
stderr:
feov-record: a command was named and the surface is scoped to whoever is asking.

--seat-id IS REQUIRED HERE, because nothing identified you: FEOV_SEAT is unset and no --seat-id was given. The surface is scoped to whoever is asking, so there is no tree to show until you say who that is — a seat id, or `operator`. In a real run the engine injects it and you never type it.

feov-record — the seat-side record runtime (the verb set IS the role boundary)

A lens structurally cannot mint or close a board gap: no such verb exists in its
namespace. Blue has no board verbs at all. The bench rules and never originates.

Usage:
  feov-record [flags]

Flags:
  -h, --help             help for feov-record
      --json             emit a structured JSON result (and structured errors) instead of human text
      --run string       the run directory. REQUIRED unless the engine injected it — it does in a real run, which is why you rarely type it. A value that DISAGREES with the run you were dispatched into is refused rather than obeyed
      --seat-id string   your seat id, assigned by the engine and bound to this role's namespace
  -v, --version          version for feov-record

$ feov-record bench help
exit 2
stderr:
feov-record: a command was named and the surface is scoped to whoever is asking.

--seat-id IS REQUIRED HERE, because nothing identified you: FEOV_SEAT is unset and no --seat-id was given. The surface is scoped to whoever is asking, so there is no tree to show until you say who that is — a seat id, or `operator`. In a real run the engine injects it and you never type it.

feov-record — the seat-side record runtime (the verb set IS the role boundary)

A lens structurally cannot mint or close a board gap: no such verb exists in its
namespace. Blue has no board verbs at all. The bench rules and never originates.

Usage:
  feov-record [flags]

Flags:
  -h, --help             help for feov-record
      --json             emit a structured JSON result (and structured errors) instead of human text
      --run string       the run directory. REQUIRED unless the engine injected it — it does in a real run, which is why you rarely type it. A value that DISAGREES with the run you were dispatched into is refused rather than obeyed
      --seat-id string   your seat id, assigned by the engine and bound to this role's namespace
  -v, --version          version for feov-record

$ feov-record --version
exit 0
stdout:
feov-record version 0.72.0

$ feov-record nonsuch help
exit 2
stderr:
feov-record: a command was named and the surface is scoped to whoever is asking.

--seat-id IS REQUIRED HERE, because nothing identified you: FEOV_SEAT is unset and no --seat-id was given. The surface is scoped to whoever is asking, so there is no tree to show until you say who that is — a seat id, or `operator`. In a real run the engine injects it and you never type it.

feov-record — the seat-side record runtime (the verb set IS the role boundary)

A lens structurally cannot mint or close a board gap: no such verb exists in its
namespace. Blue has no board verbs at all. The bench rules and never originates.

Usage:
  feov-record [flags]

Flags:
  -h, --help             help for feov-record
      --json             emit a structured JSON result (and structured errors) instead of human text
      --run string       the run directory. REQUIRED unless the engine injected it — it does in a real run, which is why you rarely type it. A value that DISAGREES with the run you were dispatched into is refused rather than obeyed
      --seat-id string   your seat id, assigned by the engine and bound to this role's namespace
  -v, --version          version for feov-record

