$ register --run {RUN} --seat-id red-merge-r3
exit 0
stdout:
registered red-merge-r3 (shard nonce NONCE001)

YOUR IDENTITY DID NOT REACH THE TOOL, so nothing on the record binds this agent to this seat. You are registered and your events are recorded; what is missing is the binding that lets a LATER call resolve who you are without being told.

TWO CONSEQUENCES, AND THE SECOND IS THE EXPENSIVE ONE:
  PASS --seat-id ON EVERY CALL. Without it the tool cannot tell which seat is asking and will refuse you.
  DO NOT REGISTER AGAIN. If a later call says "this agent has not registered", it is THIS, not a lost registration — re-registering rotates your shard nonce and replay then discards everything the first sitting recorded.

$ mint --run {RUN} --seat-id red-merge-r3 --key L5-F3 --class scope-creep --check-kind document --check x --severity medium --likelihood medium --impact medium --problem minted once
exit 0
stdout:
minted R3-1

$ mint --run {RUN} --seat-id red-merge-r3 --key L5-F3 --class scope-creep --check-kind document --check x --severity medium --likelihood medium --impact medium --problem minted once
exit 0
stdout:
minted R3-1 (idempotent retry — existing id returned)

$ mint --run {RUN} --seat-id red-merge-r3 --key L6-F1 --class scope-creep --check-kind document --check y --severity low --likelihood low --impact low --problem a different key mints
exit 0
stdout:
minted R3-2

═══ EVENTS ═══
-- events-red-merge-r3-NONCE001.jsonl
{"key":"red-merge-r3:register:NONCE001","nonce":"NONCE001","payload":{"tool_version":"0.72.0"},"role":"merge","round":3,"seatId":"red-merge-r3","seq":0,"ts":0,"type":"register"}
{"key":"red-merge-r3:mint:R3-1","nonce":"NONCE001","payload":{"acceptance_check":"x","check_kind":"document","class":"scope-creep","class_new":false,"fix_basis":"proposed","found_by":[],"gap_id":"R3-1","impact":"medium","likelihood":"medium","mint_key":"L5-F3","problem":"minted once","severity":"medium","supersedes":[]},"role":"merge","round":3,"seatId":"red-merge-r3","seq":1,"ts":1,"type":"mint"}
{"key":"red-merge-r3:mint:R3-2","nonce":"NONCE001","payload":{"acceptance_check":"y","check_kind":"document","class":"scope-creep","class_new":false,"fix_basis":"proposed","found_by":[],"gap_id":"R3-2","impact":"low","likelihood":"low","mint_key":"L6-F1","problem":"a different key mints","severity":"low","supersedes":[]},"role":"merge","round":3,"seatId":"red-merge-r3","seq":2,"ts":2,"type":"mint"}
