$ register --run {RUN} --seat-id red-merge-r1
exit 0
stdout:
registered red-merge-r1

YOUR IDENTITY DID NOT REACH THE TOOL, so nothing on the record binds this agent to this seat. You are registered and your events are recorded; what is missing is the binding that lets a LATER call resolve who you are without being told.

TWO CONSEQUENCES:
  PASS --seat-id ON EVERY CALL. Without it the tool cannot tell which seat is asking and will refuse you.
  REGISTERING AGAIN WILL NOT FIX IT. If a later call says "this agent has not registered", it is THIS, not a lost registration — and a second register cannot supply an agent id the hook never sent. Your work is safe either way; the record is append-only and keeps both sittings.

$ mint --run {RUN} --seat-id red-merge-r1 --class scope-creep --problem no check given
exit 2
stderr:
feov-record: required flag(s) "check", "check-kind", "impact", "likelihood" not set

turn lens findings into a graded gap on the board, when a defect is real and belongs there

The id is TOOL-assigned. A stable key makes a retry idempotent rather than minting the same gap twice.

Screen first with `near-match`: a candidate overlapping a closed gap is a REOPEN, and a reopen carries its lineage rather than arriving as a fresh gap.

FOUND_BY IS CHECKED AT THE WRITE: a label naming no recorded finding is REFUSED, so a role alone (`L1`) or an invented label fails here rather than resolving to nothing.

ESTOPPEL IS ENFORCED, NOT ADVISED: a mint against text blue applied VERBATIM from your own proposal is REFUSED, and the refusal is logged as friction. Argue it on the ORIGINAL gap, where your prescription sits beside your complaint, or mint declaring that gap as its ancestor. Text blue COUNTER-EDITED is blue's authorship and you audit it normally.

If you need a verb or a flag that is not listed here, it does not exist for you:
do not improvise around it, and do not hand-write the artifact. Record what you
needed and what you would have done with your role's 'friction' verb — a missing
capability is a finding about the tooling, and that channel is how it gets fixed.

Usage:
  feov-record mint [flags]

Flags:
      --check string             REQUIRED — the acceptance check red will RUN at re-audit — the pre-agreed contract, not a description
      --check-kind computation   REQUIRED — what would SETTLE that check — read a document, RUN a computation, or verify a source. A computation check cannot be closed by prose: it closes only when a proof answers this gap
      --class slug               REQUIRED — the gap's slug — what KIND of defect this is. A slug the registry has; coin a missing one first with the class-new verb
      --complexity grade         what fixing it costs, on the same scale
      --fix string               the required fix, as prose — what must become true. This is the substantive channel: research it, enumerate it, qualify it
      --found-by list            comma-separated lens findings that surfaced it (L5-F3,L6-F2)
  -h, --help                     help for mint
      --impact grade             REQUIRED — how bad the consequence is if it lands
      --key string               a stable local handle of your own (C1, F2, P3 …) making a retried call idempotent — a repeat under the same handle returns the first result instead of acting twice
      --likelihood grade         REQUIRED — how likely the CONSEQUENCE is — never how likely the defect is to BE there, which is what the grade meant before v2 split them
      --new string               OPTIONAL concrete proposal, TEXTUAL DEFECTS ONLY: the exact text --quote should become. Bounded — a replacement more than 120 characters longer than the span is refused as AUTHORING, because a substantive addition is blue's to write and you say so in --fix. Its presence is what DERIVES fix_basis: verified
      --problem string           REQUIRED — what is wrong (or pass it via --reason)
      --quote string             the EXACT text from blue/report.md, quoted verbatim and NOTHING else — no section heading, no dash, no pipe: this whole string is matched against the report, so anything you prepend makes it match nothing. Name the section in --reason, where prose belongs. For a gap about something MISSING, quote the sentence where it SHOULD be — that is how a lens finding anchors an omission
      --reason string            your reasoning or argument for this act — the substance the report renders and the other side answers; --reason-file for anything long or from stdin with -
      --reason-file -            read --reason from a file, or from stdin with - — the same field as --reason, for anything long or that would fight shell quoting
      --severity grade           how bad this is: low | low_medium | medium | medium_high | high | certain | realized | trivial
      --supersedes list          comma-separated ancestor ids this gap replaces; lineage is never dropped

Enumerated values:
  --check-kind
    document     reading a shipped artifact settles it — the check is answered by prose that quotes what is there
    computation  RUNNING something settles it. This check CANNOT be closed by prose: it closes only when a proof answers the gap. Reach for it wherever the answer would be PRODUCED rather than asserted — arithmetic, a simulation, a forecast, a parse, a count, a re-derivation are common cases and not the whole of it; if you can imagine a script that would end the argument, this is the kind
    source       verifying an external source settles it — the claim stands or falls on what the cited material actually says

Global Flags:
      --json               emit a structured JSON result (and structured errors) instead of human text
      --run string         the run directory. The PreToolUse hook injects it in a real run, which is why you rarely type it. A value that DISAGREES with the run you were dispatched into is refused rather than obeyed
      --seat-id register   your seat id, as the dispatch prompt states it (SEAT_ID). You pass it ONCE, at register, which binds it to you on the record; after that every call resolves it for you and typing it is optional. It SELECTS this surface — the verbs listed are the ones your seat may run — and a value disagreeing with what you registered as is refused rather than obeyed

$ mint --run {RUN} --seat-id red-merge-r1 --check-kind document --check run it --problem no class given
exit 2
stderr:
feov-record: required flag(s) "class", "impact", "likelihood" not set

turn lens findings into a graded gap on the board, when a defect is real and belongs there

The id is TOOL-assigned. A stable key makes a retry idempotent rather than minting the same gap twice.

Screen first with `near-match`: a candidate overlapping a closed gap is a REOPEN, and a reopen carries its lineage rather than arriving as a fresh gap.

FOUND_BY IS CHECKED AT THE WRITE: a label naming no recorded finding is REFUSED, so a role alone (`L1`) or an invented label fails here rather than resolving to nothing.

ESTOPPEL IS ENFORCED, NOT ADVISED: a mint against text blue applied VERBATIM from your own proposal is REFUSED, and the refusal is logged as friction. Argue it on the ORIGINAL gap, where your prescription sits beside your complaint, or mint declaring that gap as its ancestor. Text blue COUNTER-EDITED is blue's authorship and you audit it normally.

If you need a verb or a flag that is not listed here, it does not exist for you:
do not improvise around it, and do not hand-write the artifact. Record what you
needed and what you would have done with your role's 'friction' verb — a missing
capability is a finding about the tooling, and that channel is how it gets fixed.

Usage:
  feov-record mint [flags]

Flags:
      --check string             REQUIRED — the acceptance check red will RUN at re-audit — the pre-agreed contract, not a description
      --check-kind computation   REQUIRED — what would SETTLE that check — read a document, RUN a computation, or verify a source. A computation check cannot be closed by prose: it closes only when a proof answers this gap
      --class slug               REQUIRED — the gap's slug — what KIND of defect this is. A slug the registry has; coin a missing one first with the class-new verb
      --complexity grade         what fixing it costs, on the same scale
      --fix string               the required fix, as prose — what must become true. This is the substantive channel: research it, enumerate it, qualify it
      --found-by list            comma-separated lens findings that surfaced it (L5-F3,L6-F2)
  -h, --help                     help for mint
      --impact grade             REQUIRED — how bad the consequence is if it lands
      --key string               a stable local handle of your own (C1, F2, P3 …) making a retried call idempotent — a repeat under the same handle returns the first result instead of acting twice
      --likelihood grade         REQUIRED — how likely the CONSEQUENCE is — never how likely the defect is to BE there, which is what the grade meant before v2 split them
      --new string               OPTIONAL concrete proposal, TEXTUAL DEFECTS ONLY: the exact text --quote should become. Bounded — a replacement more than 120 characters longer than the span is refused as AUTHORING, because a substantive addition is blue's to write and you say so in --fix. Its presence is what DERIVES fix_basis: verified
      --problem string           REQUIRED — what is wrong (or pass it via --reason)
      --quote string             the EXACT text from blue/report.md, quoted verbatim and NOTHING else — no section heading, no dash, no pipe: this whole string is matched against the report, so anything you prepend makes it match nothing. Name the section in --reason, where prose belongs. For a gap about something MISSING, quote the sentence where it SHOULD be — that is how a lens finding anchors an omission
      --reason string            your reasoning or argument for this act — the substance the report renders and the other side answers; --reason-file for anything long or from stdin with -
      --reason-file -            read --reason from a file, or from stdin with - — the same field as --reason, for anything long or that would fight shell quoting
      --severity grade           how bad this is: low | low_medium | medium | medium_high | high | certain | realized | trivial
      --supersedes list          comma-separated ancestor ids this gap replaces; lineage is never dropped

Enumerated values:
  --check-kind
    document     reading a shipped artifact settles it — the check is answered by prose that quotes what is there
    computation  RUNNING something settles it. This check CANNOT be closed by prose: it closes only when a proof answers the gap. Reach for it wherever the answer would be PRODUCED rather than asserted — arithmetic, a simulation, a forecast, a parse, a count, a re-derivation are common cases and not the whole of it; if you can imagine a script that would end the argument, this is the kind
    source       verifying an external source settles it — the claim stands or falls on what the cited material actually says

Global Flags:
      --json               emit a structured JSON result (and structured errors) instead of human text
      --run string         the run directory. The PreToolUse hook injects it in a real run, which is why you rarely type it. A value that DISAGREES with the run you were dispatched into is refused rather than obeyed
      --seat-id register   your seat id, as the dispatch prompt states it (SEAT_ID). You pass it ONCE, at register, which binds it to you on the record; after that every call resolves it for you and typing it is optional. It SELECTS this surface — the verbs listed are the ones your seat may run — and a value disagreeing with what you registered as is refused rather than obeyed

$ mint --run {RUN} --seat-id red-merge-r1 --class scope-creep --check-kind document --check run it --severity catastrophic --problem bad grade
exit 2
stderr:
feov-record: invalid argument "catastrophic" for "--severity" flag: "catastrophic" is not a grade — use one of: low | low_medium | medium | medium_high | high | certain | realized | trivial

turn lens findings into a graded gap on the board, when a defect is real and belongs there

The id is TOOL-assigned. A stable key makes a retry idempotent rather than minting the same gap twice.

Screen first with `near-match`: a candidate overlapping a closed gap is a REOPEN, and a reopen carries its lineage rather than arriving as a fresh gap.

FOUND_BY IS CHECKED AT THE WRITE: a label naming no recorded finding is REFUSED, so a role alone (`L1`) or an invented label fails here rather than resolving to nothing.

ESTOPPEL IS ENFORCED, NOT ADVISED: a mint against text blue applied VERBATIM from your own proposal is REFUSED, and the refusal is logged as friction. Argue it on the ORIGINAL gap, where your prescription sits beside your complaint, or mint declaring that gap as its ancestor. Text blue COUNTER-EDITED is blue's authorship and you audit it normally.

If you need a verb or a flag that is not listed here, it does not exist for you:
do not improvise around it, and do not hand-write the artifact. Record what you
needed and what you would have done with your role's 'friction' verb — a missing
capability is a finding about the tooling, and that channel is how it gets fixed.

Usage:
  feov-record mint [flags]

Flags:
      --check string             REQUIRED — the acceptance check red will RUN at re-audit — the pre-agreed contract, not a description
      --check-kind computation   REQUIRED — what would SETTLE that check — read a document, RUN a computation, or verify a source. A computation check cannot be closed by prose: it closes only when a proof answers this gap
      --class slug               REQUIRED — the gap's slug — what KIND of defect this is. A slug the registry has; coin a missing one first with the class-new verb
      --complexity grade         what fixing it costs, on the same scale
      --fix string               the required fix, as prose — what must become true. This is the substantive channel: research it, enumerate it, qualify it
      --found-by list            comma-separated lens findings that surfaced it (L5-F3,L6-F2)
  -h, --help                     help for mint
      --impact grade             REQUIRED — how bad the consequence is if it lands
      --key string               a stable local handle of your own (C1, F2, P3 …) making a retried call idempotent — a repeat under the same handle returns the first result instead of acting twice
      --likelihood grade         REQUIRED — how likely the CONSEQUENCE is — never how likely the defect is to BE there, which is what the grade meant before v2 split them
      --new string               OPTIONAL concrete proposal, TEXTUAL DEFECTS ONLY: the exact text --quote should become. Bounded — a replacement more than 120 characters longer than the span is refused as AUTHORING, because a substantive addition is blue's to write and you say so in --fix. Its presence is what DERIVES fix_basis: verified
      --problem string           REQUIRED — what is wrong (or pass it via --reason)
      --quote string             the EXACT text from blue/report.md, quoted verbatim and NOTHING else — no section heading, no dash, no pipe: this whole string is matched against the report, so anything you prepend makes it match nothing. Name the section in --reason, where prose belongs. For a gap about something MISSING, quote the sentence where it SHOULD be — that is how a lens finding anchors an omission
      --reason string            your reasoning or argument for this act — the substance the report renders and the other side answers; --reason-file for anything long or from stdin with -
      --reason-file -            read --reason from a file, or from stdin with - — the same field as --reason, for anything long or that would fight shell quoting
      --severity grade           how bad this is: low | low_medium | medium | medium_high | high | certain | realized | trivial
      --supersedes list          comma-separated ancestor ids this gap replaces; lineage is never dropped

Enumerated values:
  --check-kind
    document     reading a shipped artifact settles it — the check is answered by prose that quotes what is there
    computation  RUNNING something settles it. This check CANNOT be closed by prose: it closes only when a proof answers the gap. Reach for it wherever the answer would be PRODUCED rather than asserted — arithmetic, a simulation, a forecast, a parse, a count, a re-derivation are common cases and not the whole of it; if you can imagine a script that would end the argument, this is the kind
    source       verifying an external source settles it — the claim stands or falls on what the cited material actually says

Global Flags:
      --json               emit a structured JSON result (and structured errors) instead of human text
      --run string         the run directory. The PreToolUse hook injects it in a real run, which is why you rarely type it. A value that DISAGREES with the run you were dispatched into is refused rather than obeyed
      --seat-id register   your seat id, as the dispatch prompt states it (SEAT_ID). You pass it ONCE, at register, which binds it to you on the record; after that every call resolves it for you and typing it is optional. It SELECTS this surface — the verbs listed are the ones your seat may run — and a value disagreeing with what you registered as is refused rather than obeyed

$ mint --run {RUN} --seat-id red-merge-r1 --class scope-creep --check-kind document --check run it --supersedes R9-9 --problem dangling lineage
exit 2
stderr:
feov-record: required flag(s) "impact", "likelihood" not set

turn lens findings into a graded gap on the board, when a defect is real and belongs there

The id is TOOL-assigned. A stable key makes a retry idempotent rather than minting the same gap twice.

Screen first with `near-match`: a candidate overlapping a closed gap is a REOPEN, and a reopen carries its lineage rather than arriving as a fresh gap.

FOUND_BY IS CHECKED AT THE WRITE: a label naming no recorded finding is REFUSED, so a role alone (`L1`) or an invented label fails here rather than resolving to nothing.

ESTOPPEL IS ENFORCED, NOT ADVISED: a mint against text blue applied VERBATIM from your own proposal is REFUSED, and the refusal is logged as friction. Argue it on the ORIGINAL gap, where your prescription sits beside your complaint, or mint declaring that gap as its ancestor. Text blue COUNTER-EDITED is blue's authorship and you audit it normally.

If you need a verb or a flag that is not listed here, it does not exist for you:
do not improvise around it, and do not hand-write the artifact. Record what you
needed and what you would have done with your role's 'friction' verb — a missing
capability is a finding about the tooling, and that channel is how it gets fixed.

Usage:
  feov-record mint [flags]

Flags:
      --check string             REQUIRED — the acceptance check red will RUN at re-audit — the pre-agreed contract, not a description
      --check-kind computation   REQUIRED — what would SETTLE that check — read a document, RUN a computation, or verify a source. A computation check cannot be closed by prose: it closes only when a proof answers this gap
      --class slug               REQUIRED — the gap's slug — what KIND of defect this is. A slug the registry has; coin a missing one first with the class-new verb
      --complexity grade         what fixing it costs, on the same scale
      --fix string               the required fix, as prose — what must become true. This is the substantive channel: research it, enumerate it, qualify it
      --found-by list            comma-separated lens findings that surfaced it (L5-F3,L6-F2)
  -h, --help                     help for mint
      --impact grade             REQUIRED — how bad the consequence is if it lands
      --key string               a stable local handle of your own (C1, F2, P3 …) making a retried call idempotent — a repeat under the same handle returns the first result instead of acting twice
      --likelihood grade         REQUIRED — how likely the CONSEQUENCE is — never how likely the defect is to BE there, which is what the grade meant before v2 split them
      --new string               OPTIONAL concrete proposal, TEXTUAL DEFECTS ONLY: the exact text --quote should become. Bounded — a replacement more than 120 characters longer than the span is refused as AUTHORING, because a substantive addition is blue's to write and you say so in --fix. Its presence is what DERIVES fix_basis: verified
      --problem string           REQUIRED — what is wrong (or pass it via --reason)
      --quote string             the EXACT text from blue/report.md, quoted verbatim and NOTHING else — no section heading, no dash, no pipe: this whole string is matched against the report, so anything you prepend makes it match nothing. Name the section in --reason, where prose belongs. For a gap about something MISSING, quote the sentence where it SHOULD be — that is how a lens finding anchors an omission
      --reason string            your reasoning or argument for this act — the substance the report renders and the other side answers; --reason-file for anything long or from stdin with -
      --reason-file -            read --reason from a file, or from stdin with - — the same field as --reason, for anything long or that would fight shell quoting
      --severity grade           how bad this is: low | low_medium | medium | medium_high | high | certain | realized | trivial
      --supersedes list          comma-separated ancestor ids this gap replaces; lineage is never dropped

Enumerated values:
  --check-kind
    document     reading a shipped artifact settles it — the check is answered by prose that quotes what is there
    computation  RUNNING something settles it. This check CANNOT be closed by prose: it closes only when a proof answers the gap. Reach for it wherever the answer would be PRODUCED rather than asserted — arithmetic, a simulation, a forecast, a parse, a count, a re-derivation are common cases and not the whole of it; if you can imagine a script that would end the argument, this is the kind
    source       verifying an external source settles it — the claim stands or falls on what the cited material actually says

Global Flags:
      --json               emit a structured JSON result (and structured errors) instead of human text
      --run string         the run directory. The PreToolUse hook injects it in a real run, which is why you rarely type it. A value that DISAGREES with the run you were dispatched into is refused rather than obeyed
      --seat-id register   your seat id, as the dispatch prompt states it (SEAT_ID). You pass it ONCE, at register, which binds it to you on the record; after that every call resolves it for you and typing it is optional. It SELECTS this surface — the verbs listed are the ones your seat may run — and a value disagreeing with what you registered as is refused rather than obeyed

$ mint --run {RUN} --seat-id red-merge-r1 --class scope-creep --check-kind document --check grep the sites --severity high --likelihood high --impact medium --complexity low --problem a real one
exit 0
stdout:
minted R1-1

═══ EVENTS ═══

═══ RENDERS ═══
-- debate
# debate.md — RENDERED PROJECTION (source of truth: records/ event log)

-- lines-of-inquiry
# Lines of Inquiry — RENDERED PROJECTION (source of truth: records/ event log)

_No inquiries recorded. On a run past round 0 that is itself a finding: the exploration
either did not happen or was not written down, and a report with no roads-not-taken is
indistinguishable from one that never looked._


═══ REPORT ═══
# _(blue/report.md has no title — not authored here)_

**Verdict:** _(no terminal outcome recorded — `bench outcome` was not run before assembly)_

## Read this first

1 open gap(s) remain, most severe first — full statements in **Red team findings** below.

1. **[high]** a real one (R1-1) — 

## TL;DR

_(blue/report.md has no "## TL;DR" section — not authored here; blue owns this surface and red audits it.)_

## The Catechism

_(blue/report.md has no "## The Catechism" section — not authored here; blue owns this surface and red audits it.)_

## Technical foundations

_(blue/report.md has no "## Technical foundations" section — not authored here; blue owns this surface and red audits it.)_

## Analysis

_(blue/report.md has no "## Analysis" section — not authored here; blue owns this surface and red audits it.)_

## Risk matrix

| Risk | Likelihood | Impact | Complexity to mitigate | Mitigation / disposition |
|---|---|---|---|---|
| a real one | high | medium | low | — |

The matrix is a scan surface: each row's full problem statement, required fix and acceptance check are in **Red team findings** below.

## Research areas

_(none on the record)_

## Future research directions

_(none on the record)_

## Alternatives considered

_(none on the record)_

## Open questions

_(blue/report.md has no "## Open questions" section — not authored here; blue owns this surface and red audits it.)_

## Blue team report (sections not composed above)

## S2

A claim sits under S2.

## S4

A claim sits under S4.

## Red team findings (in full)

### Open gaps (1)

### R1-1 — a real one

severity high | high x medium | cx low | class scope-creep
required_fix: 
fix_basis: **proposed** — prose only. Red did not state an exact replacement, so nothing checked this demand against the report's current text.
acceptance_check: grep the sites

### Closure index (0)

_(nothing closed)_

## The debate

_(no debate on the record)_

## Record verification

Computed by replaying the event record, not reported by any seat. These are the invariants that must hold if the record is internally consistent.

- **ok** — `gaps-disposed` — every closed gap carries a reason (a closure class or a bench disposition)
- **ok** — `found-by-resolves` — every found_by credit names a real finding
- **ok** — `dialectic-refs-resolve` — every closing/dispute/opinion names a gap that exists
- **ok** — `supersedes-resolve` — every supersedes ancestor is a real gap
- **n/a** — `pass-closes-all-gaps` — the verdict is unrecorded, so there is no PASS to contradict
- **ok** — `register-before-append` — every seat registered before it wrote
- **ok** — `archive-spot-check-floor` — every round that entered with a non-empty archive sampled it

**6 held · 1 did not apply · 0 violated.** An invariant that did not apply checked NOTHING — it is not a pass, and one that never applies across runs is a gate worth questioning rather than a clean bill.
