$ lens observe --run {RUN} --seat-id red-lens-r1-L5 --kind note --label N1 --text below bar but real
exit 0
stdout:
observation recorded (red-lens-r1-L5:observe:N1) — awaiting merge disposition

$ lens observe --run {RUN} --seat-id red-lens-r1-L5 --text unlabelled, ordinal-keyed
exit 0
stdout:
observation recorded (red-lens-r1-L5:observe:#2) — awaiting merge disposition

$ lens observe --run {RUN} --seat-id red-lens-r1-L5 --text second unlabelled
exit 0
stdout:
observation recorded (red-lens-r1-L5:observe:#3) — awaiting merge disposition

$ merge register --run {RUN} --seat-id red-merge-r1
exit 0
stdout:
registered red-merge-r1 (shard nonce NONCE002)

$ merge dispose --run {RUN} --seat-id red-merge-r1 --observation N1 --as declined --reason covered by R1-1
exit 0
stdout:
disposed N1: declined

$ merge dispose --run {RUN} --seat-id red-merge-r1 --observation N-missing --as banked
exit 0
stdout:
disposed N-missing: banked

$ merge dispose --run {RUN} --seat-id red-merge-r1 --observation N2
exit 2
stderr:
{TOOL}: record: dispose requires --as minted-as|folded-into|declined|banked

═══ EVENTS ═══
-- events-red-lens-r1-L5-NONCE001.jsonl
{"key":"red-lens-r1-L5:register:NONCE001","nonce":"NONCE001","payload":{},"round":1,"seatId":"red-lens-r1-L5","seq":0,"type":"register"}
{"key":"red-lens-r1-L5:observe:N1","nonce":"NONCE001","payload":{"kind":"note","label":"N1","text":"below bar but real"},"round":1,"seatId":"red-lens-r1-L5","seq":1,"type":"observe"}
{"key":"red-lens-r1-L5:observe:#2","nonce":"NONCE001","payload":{"kind":"note","text":"unlabelled, ordinal-keyed"},"round":1,"seatId":"red-lens-r1-L5","seq":2,"type":"observe"}
{"key":"red-lens-r1-L5:observe:#3","nonce":"NONCE001","payload":{"kind":"note","text":"second unlabelled"},"round":1,"seatId":"red-lens-r1-L5","seq":3,"type":"observe"}
-- events-red-merge-r1-NONCE002.jsonl
{"key":"red-merge-r1:register:NONCE002","nonce":"NONCE002","payload":{},"round":1,"seatId":"red-merge-r1","seq":0,"type":"register"}
{"key":"red-merge-r1:dispose:N1","nonce":"NONCE002","payload":{"disposition":"declined","observation":"N1","reason":"covered by R1-1"},"round":1,"seatId":"red-merge-r1","seq":1,"type":"dispose"}
{"key":"red-merge-r1:dispose:N-missing","nonce":"NONCE002","payload":{"disposition":"banked","observation":"N-missing"},"round":1,"seatId":"red-merge-r1","seq":2,"type":"dispose"}

═══ RENDERS ═══
-- CHANGELOG.md
# blue CHANGELOG — RENDERED PROJECTION

-- archive.md
# red/archive.md — RENDERED PROJECTION (append-only by construction in the event log)

-- board-telemetry.jsonl

-- citation-ledger.md
# red citation-ledger — RENDERED PROJECTION

-- debate.md
# debate.md — RENDERED PROJECTION (source of truth: records/ event log)

-- ledger.md
# red/ledger.md — RENDERED PROJECTION (source of truth: records/ event log; do not hand-edit)

## OPEN GAPS (0)

## CLOSURE INDEX



## undisposed lens observations (every observation demands a merge disposition)

- red-lens-r1-L5 red-lens-r1-L5:observe:#2: unlabelled, ordinal-keyed
- red-lens-r1-L5 red-lens-r1-L5:observe:#3: second unlabelled

