$ merge register --run {RUN} --seat-id red-merge-r1
exit 0
stdout:
registered red-merge-r1 (shard nonce NONCE001)

$ blue register --run {RUN} --seat-id blue-respond-r2
exit 0
stdout:
registered blue-respond-r2 (shard nonce NONCE002)

$ blue revision --run {RUN} --seat-id blue-respond-r2 --reason first pass
exit 0
stdout:
revision recorded — the round is on the record

$ blue friction --run {RUN} --seat-id blue-respond-r2 --reason no PDF extraction
exit 0
stdout:
friction recorded

$ lens finding --run {RUN} --seat-id red-lens-r1-L5 --key F1 --severity medium --likelihood high --impact medium --reason unfounded leap
exit 0
stdout:
finding recorded: L5-F1 — the run-unique label a gap's found_by names (id FINDING001)

═══ EVENTS ═══
-- events-blue-respond-r2-NONCE002.jsonl
{"key":"blue-respond-r2:register:NONCE002","nonce":"NONCE002","payload":{"tool_version":"0.17.0"},"round":2,"seatId":"blue-respond-r2","seq":0,"ts":1,"type":"register"}
{"key":"blue-respond-r2:revision","nonce":"NONCE002","payload":{"text":"first pass"},"round":2,"seatId":"blue-respond-r2","seq":1,"ts":2,"type":"revision"}
{"key":"blue-respond-r2:friction:#1","nonce":"NONCE002","payload":{"text":"no PDF extraction"},"round":2,"seatId":"blue-respond-r2","seq":2,"ts":3,"type":"friction"}
-- events-red-lens-r1-L5-NONCE003.jsonl
{"key":"red-lens-r1-L5:register:NONCE003","nonce":"NONCE003","payload":{"tool_version":"0.17.0"},"round":1,"seatId":"red-lens-r1-L5","seq":0,"ts":4,"type":"register"}
{"key":"red-lens-r1-L5:finding:L5-F1","nonce":"NONCE003","payload":{"finding_id":"FINDING001","finding_key":"F1","impact":"medium","label":"L5-F1","likelihood":"high","severity":"medium","text":"unfounded leap"},"round":1,"seatId":"red-lens-r1-L5","seq":1,"ts":5,"type":"finding"}
-- events-red-merge-r1-NONCE001.jsonl
{"key":"red-merge-r1:register:NONCE001","nonce":"NONCE001","payload":{"tool_version":"0.17.0"},"round":1,"seatId":"red-merge-r1","seq":0,"ts":0,"type":"register"}

═══ RENDERS ═══
-- CHANGELOG.md
# blue CHANGELOG — RENDERED PROJECTION

## Round 2
first pass

-- archive.md
# red/archive.md — RENDERED PROJECTION (append-only by construction in the event log)

-- board-telemetry.jsonl

-- citation-ledger.md
# red citation-ledger — RENDERED PROJECTION

-- debate.md
# debate.md — RENDERED PROJECTION (source of truth: records/ event log)

-- ledger.md
# red/ledger.md — RENDERED PROJECTION (source of truth: records/ event log; do not hand-edit)

## OPEN GAPS (0)

## CLOSURE INDEX



## undisposed lens observations (every observation demands a merge disposition)

- red-lens-r1-L5 L5-F1: unfounded leap

-- lines-of-inquiry.md
# Lines of Inquiry — RENDERED PROJECTION (source of truth: records/ event log)


