$ merge register --run {RUN} --seat-id red-merge-r1
exit 0
stdout:
registered red-merge-r1 (shard nonce NONCE001)

$ merge mint --run {RUN} --seat-id red-merge-r1 --class a --check x --severity low --likelihood low --impact low --problem r1 first
exit 0
stdout:
minted R1-1

$ merge mint --run {RUN} --seat-id red-merge-r1 --class a --check x --severity low --likelihood low --impact low --problem r1 second
exit 0
stdout:
minted R1-2

$ merge register --run {RUN} --seat-id red-merge-r2
exit 0
stdout:
registered red-merge-r2 (shard nonce NONCE002)

$ merge mint --run {RUN} --seat-id red-merge-r2 --class a --check x --severity low --likelihood low --impact low --problem r2 first
exit 0
stdout:
minted R2-1

$ merge spot-check --run {RUN} --seat-id red-merge-r2 --ids R1-1, R1-2 --notes both re-read
exit 2
stderr:
feov-record: merge: record: spot-check --ids names gap R1-1, which is still OPEN — the spot-check samples ARCHIVED closures, and re-verifying something that was never closed discharges the duty without doing it

$ merge dispute-respond --run {RUN} --seat-id red-merge-r2 --id R1-1 --as rejected --basis the consequence stands
exit 2
stderr:
feov-record: merge: record: dispute-respond --id names gap R1-1, on which no dispute was filed — answering an argument nobody made records half an exchange and inflates the answered-disputes count against a denominator of zero

═══ EVENTS ═══
-- events-red-merge-r1-NONCE001.jsonl
{"key":"red-merge-r1:register:NONCE001","nonce":"NONCE001","payload":{"tool_version":"0.2.0"},"round":1,"seatId":"red-merge-r1","seq":0,"ts":0,"type":"register"}
{"key":"red-merge-r1:mint:R1-1","nonce":"NONCE001","payload":{"acceptance_check":"x","class":"a","class_new":false,"found_by":[],"gap_id":"R1-1","impact":"low","likelihood":"low","problem":"r1 first","severity":"low","supersedes":[]},"round":1,"seatId":"red-merge-r1","seq":1,"ts":1,"type":"mint"}
{"key":"red-merge-r1:mint:R1-2","nonce":"NONCE001","payload":{"acceptance_check":"x","class":"a","class_new":false,"found_by":[],"gap_id":"R1-2","impact":"low","likelihood":"low","problem":"r1 second","severity":"low","supersedes":[]},"round":1,"seatId":"red-merge-r1","seq":2,"ts":2,"type":"mint"}
-- events-red-merge-r2-NONCE002.jsonl
{"key":"red-merge-r2:register:NONCE002","nonce":"NONCE002","payload":{"tool_version":"0.2.0"},"round":2,"seatId":"red-merge-r2","seq":0,"ts":3,"type":"register"}
{"key":"red-merge-r2:mint:R2-1","nonce":"NONCE002","payload":{"acceptance_check":"x","class":"a","class_new":false,"found_by":[],"gap_id":"R2-1","impact":"low","likelihood":"low","problem":"r2 first","severity":"low","supersedes":[]},"round":2,"seatId":"red-merge-r2","seq":1,"ts":4,"type":"mint"}

═══ RENDERS ═══
-- CHANGELOG.md
# blue CHANGELOG — RENDERED PROJECTION

-- archive.md
# red/archive.md — RENDERED PROJECTION (append-only by construction in the event log)

-- board-telemetry.jsonl
{"round":1,"mapping_version":"v1","open_count":2,"max_severity":"low","new_mint":{"count":2,"by_severity":{"low":2}},"mass":2,"repair_regression":{"closures":0,"lineage_mints":0,"ratio":null},"edge_deltas":{"down_mass":0,"up_mass":0}}
{"round":2,"mapping_version":"v1","open_count":3,"max_severity":"low","new_mint":{"count":1,"by_severity":{"low":1}},"mass":3,"repair_regression":{"closures":0,"lineage_mints":0,"ratio":null},"edge_deltas":{"down_mass":0,"up_mass":0}}

-- citation-ledger.md
# red citation-ledger — RENDERED PROJECTION

-- debate.md
# debate.md — RENDERED PROJECTION (source of truth: records/ event log)

-- ledger.md
# red/ledger.md — RENDERED PROJECTION (source of truth: records/ event log; do not hand-edit)

## OPEN GAPS (3)

### R1-1 — r1 first

severity low | low x low | cx undefined | class a
required_fix: 
acceptance_check: x

### R1-2 — r1 second

severity low | low x low | cx undefined | class a
required_fix: 
acceptance_check: x

### R2-1 — r2 first

severity low | low x low | cx undefined | class a
required_fix: 
acceptance_check: x

## CLOSURE INDEX



-- lines-of-inquiry.md
# Lines of Inquiry — RENDERED PROJECTION (source of truth: records/ event log)


