nbs602-cover-photo · tesseract@5.5.3+leptonica@1.87.0+eng@7d4322bd2a77+tessocr@6ac8dfe32328 · rendered at 350.33 DPI (native 350.33), 2608x3576 px
table: false · rules: none · rotated: false · grid intersections: 0 · repaired crossings: 0 · length: 56
---
DORE oan
v

wh
(
ma

o ;
OO

NBS SPECIAL PUBLICATION 602