nbs602-dashed-matrix · tesseract@5.5.3+leptonica@1.87.0+eng@7d4322bd2a77+tessocr@6a2ee6633cb2 · rendered at 350 DPI (native 350)
table: false · rotated: false · grid intersections: 0 · length: 1667
---
SENSORS

la) Using the matrix below, rank the listed sensors in
order of importance (1 through 6) for immediate econom-—-
ic benefit to the user. Fill in only the rows that
correspond to the application area(s) you are familiar

with. (You may give two or more sensors equal rank. )
oy —_- oo vo i
+ louch® i: Simple : Complexi Prox~- i! Simple | Complex
y : Force : Force i: imity ! Vision ! Vision
J ‘ 5 i 1) '
PISS SSS 9 SS a —
' ‘ ' H ' H
Spot Welding i 3.7 i 4.1 + 4.9 it 2.4 i 2.1 i 3.4
i (2-6) § (3-5) ¢ (4-6) ¢§ (1-3) ¢ (1-2) $f (5-6)
ee I
Arc Welding i 4.4 i 4.7 i 5.2 t 2.5 i 1.2 i 3.4
+ (4-6) i (4-6) 1 (9-6) + (2-3) i (1-2) t (2-5)
PPPS SSS SSIS OS 9 RIS YR 9389 J S83 SSS9 J SSS SESS JSS SSSSSe | ssRSsSas
Drilling, Routing | 4.1 i: 2.4 i 2.9 i 4.4 i 1.8 : 3.9
Grinding, etc. ' (3-5) ¢§ €1-3) | (2-3) | (3-6) ¢f (1-2) ¢$ (2-6)
ee ee ee | ——-—————— | ——-—--—-—-— — — } —-—- —--— —- -—-—- - } —-— -— —-- - - - | — J
H H ; H ; H
Small Part i 3.8 i 2.6 i; 3.4 ' 3.9 i 1.7 i 2.1
Assembly i (3-5) | (2-4) | (3-4) § (3-5) 1 (1-2) ¢ (1-3)
DSSS IS ) SS SSSS 25 ||] SSS SS SSS ff SESS SSSS |] SSS SS SSS || SS SS SSS | cS SS SSS
Machine Tool i; 2.8 i 3.4 i 4.6 i 3.1 i 2.3 i 3.6
Loading/Unloading | (2-4) { (3-4) {! (4-6) { (2-3) ¢ (1-3) ¢ (2-6)
Press i 2.5 i: 3.1 i 4.8 i 3.90 i 2.7 i 4.1
Loading/Unloading | (2-3) | (2-4) t (4-5) + (2-3) 1 (1-4) t (3-6)

% Touch - presence or absence of parts or displacement along
one axis
Simple force —- measure force along a Single axis
Complex force — measure force along two or more axes
Proximity ~ non-contact detection of part
Simple vision —- detect edges, holes, corners, etc.
Complex vision - recognize shapes

-38--